#-----------------------------------------------------------
# Vivado v2019.1 (64-bit)
# SW Build 2552052 on Fri May 24 14:49:42 MDT 2019
# IP Build 2548770 on Fri May 24 18:01:18 MDT 2019
# Start of session at: Fri Nov  8 05:01:27 2024
# Process ID: 11452
# Current directory: D:/KNU_design_contest_2024/KNU_CNN_verilog
# Command line: vivado.exe -gui_launcher_event rodinguilauncherevent15312 D:\KNU_design_contest_2024\KNU_CNN_verilog\KNU_CNN_verilog.xpr
# Log file: D:/KNU_design_contest_2024/KNU_CNN_verilog/vivado.log
# Journal file: D:/KNU_design_contest_2024/KNU_CNN_verilog\vivado.jou
#-----------------------------------------------------------
start_gui
open_project D:/KNU_design_contest_2024/KNU_CNN_verilog/KNU_CNN_verilog.xpr
update_compile_order -fileset sim_1
update_compile_order -fileset sources_1
update_compile_order -fileset sources_1
launch_simulation
open_wave_config D:/KNU_design_contest_2024/KNU_CNN_verilog/tb_top_behav.wcfg
open_wave_config D:/KNU_design_contest_2024/KNU_CNN_verilog/tb_top_1000_behav.wcfg
source tb_top_1000.tcl
update_compile_order -fileset sources_1
current_wave_config {tb_top_1000_behav.wcfg}
add_wave {{/tb_top_1000}} 
relaunch_sim
run all
relaunch_sim
relaunch_sim
relaunch_sim
relaunch_sim
run all
save_wave_config {D:/KNU_design_contest_2024/KNU_CNN_verilog/tb_top_1000_behav.wcfg}
close_sim
